../Core/Src/main.c:140:10:calculate_crc_byte	24	static
../Core/Src/main.c:149:9:USART_kbhit	4	static
../Core/Src/main.c:157:6:USART_fsend	280	static,ignoring_inline_asm
../Core/Src/main.c:182:6:HAL_UART_RxCpltCallback	16	static
../Core/Src/main.c:191:6:HAL_UART_TxCpltCallback	24	static
../Core/Src/main.c:203:9:USART_getchar	16	static
../Core/Src/main.c:214:6:delay_us	16	static
../Core/Src/main.c:219:6:HAL_TIM_PeriodElapsedCallback	16	static
../Core/Src/main.c:225:6:set_interval	16	static
../Core/Src/main.c:238:6:get_interval	8	static
../Core/Src/main.c:243:10:validate_and_atoi	24	static
../Core/Src/main.c:262:6:process_frame	56	static
../Core/Src/main.c:376:6:reset_frame	8	static
../Core/Src/main.c:382:6:get_frame	16	static
../Core/Src/main.c:567:6:handle_char	16	static
../Core/Src/main.c:581:5:main	8	static,ignoring_inline_asm
../Core/Src/main.c:646:6:SystemClock_Config	72	static
../Core/Src/main.c:688:6:Error_Handler	8	static,ignoring_inline_asm
