../Core/Src/main.c:147:10:calculate_crc_byte	24	static
../Core/Src/main.c:158:9:USART_kbhit	4	static
../Core/Src/main.c:166:6:USART_fsend	280	static,ignoring_inline_asm
../Core/Src/main.c:191:6:HAL_UART_RxCpltCallback	16	static
../Core/Src/main.c:200:6:HAL_UART_TxCpltCallback	24	static
../Core/Src/main.c:212:9:USART_getchar	16	static
../Core/Src/main.c:223:10:validate_and_atoi	24	static
../Core/Src/main.c:238:6:process_frame	32	static
../Core/Src/main.c:324:6:reset_frame	8	static
../Core/Src/main.c:330:6:get_frame	16	static
../Core/Src/main.c:508:6:handle_char	16	static
../Core/Src/main.c:527:5:main	8	static
../Core/Src/main.c:583:6:SystemClock_Config	72	static
../Core/Src/main.c:625:6:Error_Handler	8	static,ignoring_inline_asm
