../Core/Src/main.c:100:10:calculate_crc	32	static
../Core/Src/main.c:114:7:get_crc_hex	288	static
../Core/Src/main.c:131:6:increase_usart_tx_busy	4	static
../Core/Src/main.c:135:6:increase_usart_tx_empty	4	static
../Core/Src/main.c:139:6:increase_usart_rx_busy	4	static
../Core/Src/main.c:143:6:increase_usart_rx_empty	4	static
../Core/Src/main.c:149:5:usart_tx_has_data	4	static
../Core/Src/main.c:153:5:usart_rx_has_data	4	static
../Core/Src/main.c:160:6:HAL_UART_RxCpltCallback	16	static
../Core/Src/main.c:168:6:HAL_UART_TxCpltCallback	24	static
../Core/Src/main.c:179:9:USART_getchar	16	static
../Core/Src/main.c:188:9:USART_getline	24	static
../Core/Src/main.c:212:6:send	280	static,ignoring_inline_asm
../Core/Src/main.c:240:5:main	8	static
../Core/Src/main.c:292:6:SystemClock_Config	72	static
../Core/Src/main.c:334:6:Error_Handler	4	static,ignoring_inline_asm
