../Core/Src/main.c:133:10:calculate_crc_byte	24	static
../Core/Src/main.c:142:9:USART_kbhit	4	static
../Core/Src/main.c:150:6:USART_fsend	280	static,ignoring_inline_asm
../Core/Src/main.c:175:6:HAL_UART_RxCpltCallback	16	static
../Core/Src/main.c:184:6:HAL_UART_TxCpltCallback	24	static
../Core/Src/main.c:196:9:USART_getchar	16	static
../Core/Src/main.c:207:10:validate_and_atoi	24	static
../Core/Src/main.c:226:6:process_frame	56	static
../Core/Src/main.c:340:6:reset_frame	8	static
../Core/Src/main.c:346:6:get_frame	16	static
../Core/Src/main.c:539:6:handle_char	16	static
../Core/Src/main.c:558:5:main	8	static
../Core/Src/main.c:614:6:SystemClock_Config	72	static
../Core/Src/main.c:656:6:Error_Handler	8	static,ignoring_inline_asm
