../Core/Src/main.c:132:10:calculate_crc_byte	24	static
../Core/Src/main.c:141:9:USART_kbhit	4	static
../Core/Src/main.c:149:6:USART_fsend	280	static,ignoring_inline_asm
../Core/Src/main.c:174:6:HAL_UART_RxCpltCallback	16	static
../Core/Src/main.c:183:6:HAL_UART_TxCpltCallback	24	static
../Core/Src/main.c:195:9:USART_getchar	16	static
../Core/Src/main.c:206:10:validate_and_atoi	24	static
../Core/Src/main.c:221:6:process_frame	32	static
../Core/Src/main.c:303:6:reset_frame	8	static
../Core/Src/main.c:309:6:get_frame	16	static
../Core/Src/main.c:498:6:handle_char	16	static
../Core/Src/main.c:517:5:main	8	static
../Core/Src/main.c:573:6:SystemClock_Config	72	static
../Core/Src/main.c:615:6:Error_Handler	8	static,ignoring_inline_asm
