../Core/Src/main.c:135:10:calculate_crc	32	static
../Core/Src/main.c:149:10:calculate_frame_crc	24	static
../Core/Src/main.c:167:7:get_crc_hex	288	static
../Core/Src/main.c:192:9:USART_kbhit	4	static
../Core/Src/main.c:200:6:USART_fsend	280	static,ignoring_inline_asm
../Core/Src/main.c:225:6:HAL_UART_RxCpltCallback	16	static
../Core/Src/main.c:234:6:HAL_UART_TxCpltCallback	24	static
../Core/Src/main.c:246:9:USART_getchar	16	static
../Core/Src/main.c:261:10:validate_and_atoi	24	static
../Core/Src/main.c:276:6:process_frame	40	static
../Core/Src/main.c:364:6:reset_frame	8	static
../Core/Src/main.c:369:6:get_frame	24	static
../Core/Src/main.c:557:6:handle_char	16	static
../Core/Src/main.c:576:5:main	8	static
../Core/Src/main.c:632:6:SystemClock_Config	72	static
../Core/Src/main.c:674:6:Error_Handler	8	static,ignoring_inline_asm
