../Core/Src/main.c:140:10:calculate_crc_byte	24	static
../Core/Src/main.c:149:9:USART_kbhit	4	static
../Core/Src/main.c:157:6:USART_fsend	280	static,ignoring_inline_asm
../Core/Src/main.c:182:6:HAL_UART_RxCpltCallback	16	static
../Core/Src/main.c:191:6:HAL_UART_TxCpltCallback	24	static
../Core/Src/main.c:203:9:USART_getchar	16	static
../Core/Src/main.c:214:6:delay_us	16	static
../Core/Src/main.c:226:6:count_us	8	static
../Core/Src/main.c:232:6:HAL_TIM_PeriodElapsedCallback	16	static
../Core/Src/main.c:238:6:set_interval	16	static
../Core/Src/main.c:251:6:get_interval	8	static
../Core/Src/main.c:256:10:validate_and_atoi	24	static
../Core/Src/main.c:275:6:process_frame	56	static
../Core/Src/main.c:388:6:reset_frame	8	static
../Core/Src/main.c:394:6:get_frame	16	static
../Core/Src/main.c:579:6:handle_char	16	static
../Core/Src/main.c:593:5:main	8	static
../Core/Src/main.c:656:6:SystemClock_Config	72	static
../Core/Src/main.c:698:6:Error_Handler	8	static,ignoring_inline_asm
