../Core/Src/main.c:137:10:calculate_crc_byte	24	static
../Core/Src/main.c:146:10:calculate_crc_string	24	static
../Core/Src/main.c:157:6:USART_fsend	280	static,ignoring_inline_asm
../Core/Src/main.c:182:6:HAL_UART_RxCpltCallback	16	static
../Core/Src/main.c:191:6:HAL_UART_TxCpltCallback	24	static
../Core/Src/main.c:203:9:USART_getchar	16	static
../Core/Src/main.c:214:10:validate_and_atoi	24	static
../Core/Src/main.c:229:6:HAL_TIM_PeriodElapsedCallback	16	static
../Core/Src/main.c:237:6:set_interval	16	static
../Core/Src/main.c:247:6:process_frame	32	static
../Core/Src/main.c:336:6:reset_frame	8	static
../Core/Src/main.c:342:6:get_frame	16	static
../Core/Src/main.c:535:6:handle_char	16	static
../Core/Src/main.c:554:5:main	8	static
../Core/Src/main.c:616:6:SystemClock_Config	72	static
../Core/Src/main.c:658:6:Error_Handler	8	static,ignoring_inline_asm
