../Core/Src/main.c:139:10:calculate_crc_byte	24	static
../Core/Src/main.c:148:10:calculate_crc_string	24	static
../Core/Src/main.c:159:6:USART_fsend	280	static,ignoring_inline_asm
../Core/Src/main.c:184:6:HAL_UART_RxCpltCallback	16	static
../Core/Src/main.c:193:6:HAL_UART_TxCpltCallback	24	static
../Core/Src/main.c:205:9:USART_getchar	16	static
../Core/Src/main.c:216:10:validate_and_atoi	24	static
../Core/Src/main.c:231:6:HAL_TIM_PeriodElapsedCallback	16	static
../Core/Src/main.c:239:6:set_interval	16	static
../Core/Src/main.c:249:6:process_frame	56	static
../Core/Src/main.c:387:6:reset_frame	8	static
../Core/Src/main.c:393:6:get_frame	16	static
../Core/Src/main.c:586:6:handle_char	16	static
../Core/Src/main.c:605:5:main	8	static
../Core/Src/main.c:667:6:SystemClock_Config	72	static
../Core/Src/main.c:709:6:Error_Handler	8	static,ignoring_inline_asm
