../Core/Src/main.c:139:10:calculate_crc_byte	24	static
../Core/Src/main.c:148:9:USART_kbhit	4	static
../Core/Src/main.c:156:6:USART_fsend	280	static,ignoring_inline_asm
../Core/Src/main.c:181:6:HAL_UART_RxCpltCallback	16	static
../Core/Src/main.c:190:6:HAL_UART_TxCpltCallback	24	static
../Core/Src/main.c:202:9:USART_getchar	16	static
../Core/Src/main.c:213:6:HAL_TIM_PeriodElapsedCallback	16	static
../Core/Src/main.c:222:6:set_interval	16	static
../Core/Src/main.c:232:6:get_interval	8	static
../Core/Src/main.c:236:10:validate_and_atoi	24	static
../Core/Src/main.c:255:6:process_frame	56	static
../Core/Src/main.c:368:6:reset_frame	8	static
../Core/Src/main.c:374:6:get_frame	16	static
../Core/Src/main.c:567:6:handle_char	16	static
../Core/Src/main.c:586:5:main	8	static
../Core/Src/main.c:641:6:SystemClock_Config	72	static
../Core/Src/main.c:683:6:Error_Handler	8	static,ignoring_inline_asm
